method name               PERMANOVA
test statistic name        pseudo-F
sample size                       4
number of groups                  2
test statistic              22.4482
p-value                       0.343
number of permutations          999
Name: PERMANOVA results, dtype: object